package internal

import (
	"context"
	"errors"
)

// Get was auto-generated from WSDL.
func Get(ctx context.Context, key string) (resp *GetResponse, err error) {
	return &GetResponse{}, errors.New("not implemented")
}

// GetMulti was auto-generated from WSDL.
func GetMulti(ctx context.Context, keys *GetMultiRequest) (values *GetMultiResponse, err error) {
	return &GetMultiResponse{}, errors.New("not implemented")
}

// Set was auto-generated from WSDL.
func Set(ctx context.Context, info *SetRequest) (ok bool, err error) {
	return false, errors.New("not implemented")
}

// Duration in WSDL format.
type Duration string

// GetMultiResponse was auto-generated from WSDL.
type GetMultiResponse struct {
	Values []*GetResponse `xml:"Values,omitempty" json:"Values,omitempty" yaml:"Values,omitempty"`
}

// GetResponse carries value and TTL.
type GetResponse struct {
	Value string   `xml:"Value,omitempty" json:"Value,omitempty" yaml:"Value,omitempty"`
	TTL   Duration `xml:"TTL,omitempty" json:"TTL,omitempty" yaml:"TTL,omitempty"`
}

// SetRequest carries a key-value pair.
type SetRequest struct {
	XMLName    xml.Name `xml:" SetRequest" json:"-" yaml:"-"`
	Key        string   `xml:"Key" json:"Key" yaml:"Key"`
	Value      string   `xml:"Value" json:"Value" yaml:"Value"`
	Expiration Duration `xml:"Expiration,omitempty" json:"Expiration,omitempty" yaml:"Expiration,omitempty"`
}

// GetMultiRequest was auto-generated from WSDL.
type GetMultiRequest struct {
	XMLName xml.Name `xml:" getMultiRequest" json:"-" yaml:"-"`
	Keys    []string `xml:"Keys" json:"Keys" yaml:"Keys"`
}
