package stockquotesoapbinding

import (
	"github.com/fiorix/wsdl2go/soap"
)

// Namespace was auto-generated from WSDL.
var Namespace = "http://example.com/stockquote.wsdl"

// NewStockQuotePortType creates an initializes a StockQuotePortType.
func NewStockQuotePortType(cli *soap.Client) StockQuotePortType {
	return &stockQuotePortType{cli}
}

// StockQuotePortType was auto-generated from WSDL
// and defines interface for the remote service. Useful for testing.
type StockQuotePortType interface {
	// GetLastTradePrice was auto-generated from WSDL.
	GetLastTradePrice(TradePriceRequest *TradePriceRequest) (*TradePrice, error)
}

// TradePrice was auto-generated from WSDL.
type TradePrice struct {
	Price *float64 `xml:"price,omitempty" json:"price,omitempty" yaml:"price,omitempty"`
}

// TradePriceRequest was auto-generated from WSDL.
type TradePriceRequest struct {
	TickerSymbol *string `xml:"tickerSymbol,omitempty" json:"tickerSymbol,omitempty" yaml:"tickerSymbol,omitempty"`
}

// Operation wrapper for GetLastTradePrice.
// OperationGetLastTradePriceInput was auto-generated from WSDL.
type OperationGetLastTradePriceInput struct {
	TradePriceRequest *TradePriceRequest `xml:"TradePriceRequest,omitempty" json:"TradePriceRequest,omitempty" yaml:"TradePriceRequest,omitempty"`
}

// Operation wrapper for GetLastTradePrice.
// OperationGetLastTradePriceOutput was auto-generated from WSDL.
type OperationGetLastTradePriceOutput struct {
	TradePrice *TradePrice `xml:"TradePrice,omitempty" json:"TradePrice,omitempty" yaml:"TradePrice,omitempty"`
}

// stockQuotePortType implements the StockQuotePortType interface.
type stockQuotePortType struct {
	cli *soap.Client
}

// GetLastTradePrice was auto-generated from WSDL.
func (p *stockQuotePortType) GetLastTradePrice(TradePriceRequest *TradePriceRequest) (*TradePrice, error) {
	α := struct {
		OperationGetLastTradePriceInput `xml:"tns:GetLastTradePrice"`
	}{
		OperationGetLastTradePriceInput{
			TradePriceRequest,
		},
	}

	γ := struct {
		OperationGetLastTradePriceOutput `xml:"GetLastTradePriceResponse"`
	}{}
	if err := p.cli.RoundTripWithAction("http://example.com/GetLastTradePrice", α, &γ); err != nil {
		return nil, err
	}
	return γ.TradePrice, nil
}
