// Code generated by wsdl2go. DO NOT EDIT.

package scannerservicebinding

import (
	"github.com/fiorix/wsdl2go/soap"
)

// Namespace was auto-generated from WSDL.
var Namespace = "http://schemas.microsoft.com/windows/2006/08/wdp/scan"

// NewScannerServiceType creates an initializes a ScannerServiceType.
func NewScannerServiceType(cli *soap.Client) ScannerServiceType {
	return &scannerServiceType{cli}
}

// ScannerServiceType was auto-generated from WSDL
// and defines interface for the remote service. Useful for testing.
type ScannerServiceType interface {
	// CancelJob was auto-generated from WSDL.
	CancelJob(CancelJobRequest *CancelJobRequest) (*CancelJobResponse, error)

	// CreateScanJob was auto-generated from WSDL.
	CreateScanJob(CreateScanJobRequest *CreateScanJobRequest) (*CreateScanJobResponse, error)

	// GetActiveJobs was auto-generated from WSDL.
	GetActiveJobs(GetActiveJobsRequest *GetActiveJobsRequest) (*GetActiveJobsResponse, error)

	// GetJobElements was auto-generated from WSDL.
	GetJobElements(GetJobElementsRequest *GetJobElementsRequest) (*GetJobElementsResponse, error)

	// GetJobHistory was auto-generated from WSDL.
	GetJobHistory(GetJobHistoryRequest *GetJobHistoryRequest) (*GetJobHistoryResponse, error)

	// GetScannerElements was auto-generated from WSDL.
	GetScannerElements(GetScannerElementsRequest *GetScannerElementsRequest) (*GetScannerElementsResponse, error)

	// JobEndStateEvent was auto-generated from WSDL.
	JobEndStateEvent() (*JobEndStateEvent, error)

	// JobStatusEvent was auto-generated from WSDL.
	JobStatusEvent() (*JobStatusEvent, error)

	// RetrieveImage was auto-generated from WSDL.
	RetrieveImage(RetrieveImageRequest *RetrieveImageRequest) (*RetrieveImageResponse, error)

	// ScanAvailableEvent was auto-generated from WSDL.
	ScanAvailableEvent() (*ScanAvailableEvent, error)

	// ScannerElementsChangeEvent was auto-generated from WSDL.
	ScannerElementsChangeEvent() (*ScannerElementsChangeEvent, error)

	// ScannerStatusConditionClearedEvent was auto-generated from WSDL.
	ScannerStatusConditionClearedEvent() (*ScannerStatusConditionClearedEvent, error)

	// ScannerStatusConditionEvent was auto-generated from WSDL.
	ScannerStatusConditionEvent() (*ScannerStatusConditionEvent, error)

	// ScannerStatusSummaryEvent was auto-generated from WSDL.
	ScannerStatusSummaryEvent() (*ScannerStatusSummaryEvent, error)

	// ValidateScanTicket was auto-generated from WSDL.
	ValidateScanTicket(ValidateScanTicketRequest *ValidateScanTicketRequest) (*ValidateScanTicketResponse, error)
}

// Operation wrapper for CancelJob.
// OperationCancelJobRequestMsg was auto-generated from WSDL.
type OperationCancelJobRequestMsg struct {
	Body *CancelJobRequest `xml:"body,omitempty" json:"body,omitempty" yaml:"body,omitempty"`
}

// Operation wrapper for CancelJob.
// OperationCancelJobResponseMsg was auto-generated from WSDL.
type OperationCancelJobResponseMsg struct {
	Body *CancelJobResponse `xml:"body,omitempty" json:"body,omitempty" yaml:"body,omitempty"`
}

// Operation wrapper for CreateScanJob.
// OperationCreateScanJobRequestMsg was auto-generated from WSDL.
type OperationCreateScanJobRequestMsg struct {
	Body *CreateScanJobRequest `xml:"body,omitempty" json:"body,omitempty" yaml:"body,omitempty"`
}

// Operation wrapper for CreateScanJob.
// OperationCreateScanJobResponseMsg was auto-generated from WSDL.
type OperationCreateScanJobResponseMsg struct {
	Body *CreateScanJobResponse `xml:"body,omitempty" json:"body,omitempty" yaml:"body,omitempty"`
}

// Operation wrapper for GetActiveJobs.
// OperationGetActiveJobsRequestMsg was auto-generated from WSDL.
type OperationGetActiveJobsRequestMsg struct {
	Body *GetActiveJobsRequest `xml:"body,omitempty" json:"body,omitempty" yaml:"body,omitempty"`
}

// Operation wrapper for GetActiveJobs.
// OperationGetActiveJobsResponseMsg was auto-generated from WSDL.
type OperationGetActiveJobsResponseMsg struct {
	Body *GetActiveJobsResponse `xml:"body,omitempty" json:"body,omitempty" yaml:"body,omitempty"`
}

// Operation wrapper for GetJobElements.
// OperationGetJobElementsRequestMsg was auto-generated from WSDL.
type OperationGetJobElementsRequestMsg struct {
	Body *GetJobElementsRequest `xml:"body,omitempty" json:"body,omitempty" yaml:"body,omitempty"`
}

// Operation wrapper for GetJobElements.
// OperationGetJobElementsResponseMsg was auto-generated from WSDL.
type OperationGetJobElementsResponseMsg struct {
	Body *GetJobElementsResponse `xml:"body,omitempty" json:"body,omitempty" yaml:"body,omitempty"`
}

// Operation wrapper for GetJobHistory.
// OperationGetJobHistoryRequestMsg was auto-generated from WSDL.
type OperationGetJobHistoryRequestMsg struct {
	Body *GetJobHistoryRequest `xml:"body,omitempty" json:"body,omitempty" yaml:"body,omitempty"`
}

// Operation wrapper for GetJobHistory.
// OperationGetJobHistoryResponseMsg was auto-generated from WSDL.
type OperationGetJobHistoryResponseMsg struct {
	Body *GetJobHistoryResponse `xml:"body,omitempty" json:"body,omitempty" yaml:"body,omitempty"`
}

// Operation wrapper for GetScannerElements.
// OperationGetScannerElementsRequestMsg was auto-generated from
// WSDL.
type OperationGetScannerElementsRequestMsg struct {
	Body *GetScannerElementsRequest `xml:"body,omitempty" json:"body,omitempty" yaml:"body,omitempty"`
}

// Operation wrapper for GetScannerElements.
// OperationGetScannerElementsResponseMsg was auto-generated from
// WSDL.
type OperationGetScannerElementsResponseMsg struct {
	Body *GetScannerElementsResponse `xml:"body,omitempty" json:"body,omitempty" yaml:"body,omitempty"`
}

// Operation wrapper for JobEndStateEvent.
// OperationJobEndStateEventMsg was auto-generated from WSDL.
type OperationJobEndStateEventMsg struct {
	Body *JobEndStateEvent `xml:"body,omitempty" json:"body,omitempty" yaml:"body,omitempty"`
}

// Operation wrapper for JobStatusEvent.
// OperationJobStatusEventMsg was auto-generated from WSDL.
type OperationJobStatusEventMsg struct {
	Body *JobStatusEvent `xml:"body,omitempty" json:"body,omitempty" yaml:"body,omitempty"`
}

// Operation wrapper for RetrieveImage.
// OperationRetrieveImageRequestMsg was auto-generated from WSDL.
type OperationRetrieveImageRequestMsg struct {
	Body *RetrieveImageRequest `xml:"body,omitempty" json:"body,omitempty" yaml:"body,omitempty"`
}

// Operation wrapper for RetrieveImage.
// OperationRetrieveImageResponseMsg was auto-generated from WSDL.
type OperationRetrieveImageResponseMsg struct {
	Body *RetrieveImageResponse `xml:"body,omitempty" json:"body,omitempty" yaml:"body,omitempty"`
}

// Operation wrapper for ScanAvailableEvent.
// OperationScanAvailableEventMsg was auto-generated from WSDL.
type OperationScanAvailableEventMsg struct {
	Body *ScanAvailableEvent `xml:"body,omitempty" json:"body,omitempty" yaml:"body,omitempty"`
}

// Operation wrapper for ScannerElementsChangeEvent.
// OperationScannerElementsChangeEventMsg was auto-generated from
// WSDL.
type OperationScannerElementsChangeEventMsg struct {
	Body *ScannerElementsChangeEvent `xml:"body,omitempty" json:"body,omitempty" yaml:"body,omitempty"`
}

// Operation wrapper for ScannerStatusConditionClearedEvent.
// OperationScannerStatusConditionClearedEventMsg was auto-generated
// from WSDL.
type OperationScannerStatusConditionClearedEventMsg struct {
	Body *ScannerStatusConditionClearedEvent `xml:"body,omitempty" json:"body,omitempty" yaml:"body,omitempty"`
}

// Operation wrapper for ScannerStatusConditionEvent.
// OperationScannerStatusConditionEventMsg was auto-generated from
// WSDL.
type OperationScannerStatusConditionEventMsg struct {
	Body *ScannerStatusConditionEvent `xml:"body,omitempty" json:"body,omitempty" yaml:"body,omitempty"`
}

// Operation wrapper for ScannerStatusSummaryEvent.
// OperationScannerStatusSummaryEventMsg was auto-generated from
// WSDL.
type OperationScannerStatusSummaryEventMsg struct {
	Body *ScannerStatusSummaryEvent `xml:"body,omitempty" json:"body,omitempty" yaml:"body,omitempty"`
}

// Operation wrapper for ValidateScanTicket.
// OperationValidateScanTicketRequestMsg was auto-generated from
// WSDL.
type OperationValidateScanTicketRequestMsg struct {
	Body *ValidateScanTicketRequest `xml:"body,omitempty" json:"body,omitempty" yaml:"body,omitempty"`
}

// Operation wrapper for ValidateScanTicket.
// OperationValidateScanTicketResponseMsg was auto-generated from
// WSDL.
type OperationValidateScanTicketResponseMsg struct {
	Body *ValidateScanTicketResponse `xml:"body,omitempty" json:"body,omitempty" yaml:"body,omitempty"`
}

// scannerServiceType implements the ScannerServiceType interface.
type scannerServiceType struct {
	cli *soap.Client
}

// CancelJob was auto-generated from WSDL.
func (p *scannerServiceType) CancelJob(CancelJobRequest *CancelJobRequest) (*CancelJobResponse, error) {
	α := struct {
		OperationCancelJobRequestMsg `xml:"wscn:CancelJob"`
	}{
		OperationCancelJobRequestMsg{
			CancelJobRequest,
		},
	}

	γ := struct {
		OperationCancelJobResponseMsg `xml:"CancelJobResponse"`
	}{}
	if err := p.cli.RoundTripSoap12("http://schemas.microsoft.com/windows/2006/08/wdp/scan/CancelJob", α, &γ); err != nil {
		return nil, err
	}
	return γ.CancelJobResponse, nil
}

// CreateScanJob was auto-generated from WSDL.
func (p *scannerServiceType) CreateScanJob(CreateScanJobRequest *CreateScanJobRequest) (*CreateScanJobResponse, error) {
	α := struct {
		OperationCreateScanJobRequestMsg `xml:"wscn:CreateScanJob"`
	}{
		OperationCreateScanJobRequestMsg{
			CreateScanJobRequest,
		},
	}

	γ := struct {
		OperationCreateScanJobResponseMsg `xml:"CreateScanJobResponse"`
	}{}
	if err := p.cli.RoundTripSoap12("http://schemas.microsoft.com/windows/2006/08/wdp/scan/CreateScanJob", α, &γ); err != nil {
		return nil, err
	}
	return γ.CreateScanJobResponse, nil
}

// GetActiveJobs was auto-generated from WSDL.
func (p *scannerServiceType) GetActiveJobs(GetActiveJobsRequest *GetActiveJobsRequest) (*GetActiveJobsResponse, error) {
	α := struct {
		OperationGetActiveJobsRequestMsg `xml:"wscn:GetActiveJobs"`
	}{
		OperationGetActiveJobsRequestMsg{
			GetActiveJobsRequest,
		},
	}

	γ := struct {
		OperationGetActiveJobsResponseMsg `xml:"GetActiveJobsResponse"`
	}{}
	if err := p.cli.RoundTripSoap12("http://schemas.microsoft.com/windows/2006/08/wdp/scan/GetActiveJobs", α, &γ); err != nil {
		return nil, err
	}
	return γ.GetActiveJobsResponse, nil
}

// GetJobElements was auto-generated from WSDL.
func (p *scannerServiceType) GetJobElements(GetJobElementsRequest *GetJobElementsRequest) (*GetJobElementsResponse, error) {
	α := struct {
		OperationGetJobElementsRequestMsg `xml:"wscn:GetJobElements"`
	}{
		OperationGetJobElementsRequestMsg{
			GetJobElementsRequest,
		},
	}

	γ := struct {
		OperationGetJobElementsResponseMsg `xml:"GetJobElementsResponse"`
	}{}
	if err := p.cli.RoundTripSoap12("http://schemas.microsoft.com/windows/2006/08/wdp/scan/GetJobElements", α, &γ); err != nil {
		return nil, err
	}
	return γ.GetJobElementsResponse, nil
}

// GetJobHistory was auto-generated from WSDL.
func (p *scannerServiceType) GetJobHistory(GetJobHistoryRequest *GetJobHistoryRequest) (*GetJobHistoryResponse, error) {
	α := struct {
		OperationGetJobHistoryRequestMsg `xml:"wscn:GetJobHistory"`
	}{
		OperationGetJobHistoryRequestMsg{
			GetJobHistoryRequest,
		},
	}

	γ := struct {
		OperationGetJobHistoryResponseMsg `xml:"GetJobHistoryResponse"`
	}{}
	if err := p.cli.RoundTripSoap12("http://schemas.microsoft.com/windows/2006/08/wdp/scan/GetJobHistory", α, &γ); err != nil {
		return nil, err
	}
	return γ.GetJobHistoryResponse, nil
}

// GetScannerElements was auto-generated from WSDL.
func (p *scannerServiceType) GetScannerElements(GetScannerElementsRequest *GetScannerElementsRequest) (*GetScannerElementsResponse, error) {
	α := struct {
		OperationGetScannerElementsRequestMsg `xml:"wscn:GetScannerElements"`
	}{
		OperationGetScannerElementsRequestMsg{
			GetScannerElementsRequest,
		},
	}

	γ := struct {
		OperationGetScannerElementsResponseMsg `xml:"GetScannerElementsResponse"`
	}{}
	if err := p.cli.RoundTripSoap12("http://schemas.microsoft.com/windows/2006/08/wdp/scan/GetScannerElements", α, &γ); err != nil {
		return nil, err
	}
	return γ.GetScannerElementsResponse, nil
}

// JobEndStateEvent was auto-generated from WSDL.
func (p *scannerServiceType) JobEndStateEvent() (*JobEndStateEvent, error) {
	α := struct {
	}{}

	γ := struct {
		OperationJobEndStateEventMsg `xml:"JobEndStateEventResponse"`
	}{}
	if err := p.cli.RoundTripSoap12("http://schemas.microsoft.com/windows/2006/08/wdp/scan/JobEndStateEvent", α, &γ); err != nil {
		return nil, err
	}
	return γ.JobEndStateEvent, nil
}

// JobStatusEvent was auto-generated from WSDL.
func (p *scannerServiceType) JobStatusEvent() (*JobStatusEvent, error) {
	α := struct {
	}{}

	γ := struct {
		OperationJobStatusEventMsg `xml:"JobStatusEventResponse"`
	}{}
	if err := p.cli.RoundTripSoap12("http://schemas.microsoft.com/windows/2006/08/wdp/scan/JobStatusEvent", α, &γ); err != nil {
		return nil, err
	}
	return γ.JobStatusEvent, nil
}

// RetrieveImage was auto-generated from WSDL.
func (p *scannerServiceType) RetrieveImage(RetrieveImageRequest *RetrieveImageRequest) (*RetrieveImageResponse, error) {
	α := struct {
		OperationRetrieveImageRequestMsg `xml:"wscn:RetrieveImage"`
	}{
		OperationRetrieveImageRequestMsg{
			RetrieveImageRequest,
		},
	}

	γ := struct {
		OperationRetrieveImageResponseMsg `xml:"RetrieveImageResponse"`
	}{}
	if err := p.cli.RoundTripSoap12("http://schemas.microsoft.com/windows/2006/08/wdp/scan/RetrieveImage", α, &γ); err != nil {
		return nil, err
	}
	return γ.RetrieveImageResponse, nil
}

// ScanAvailableEvent was auto-generated from WSDL.
func (p *scannerServiceType) ScanAvailableEvent() (*ScanAvailableEvent, error) {
	α := struct {
	}{}

	γ := struct {
		OperationScanAvailableEventMsg `xml:"ScanAvailableEventResponse"`
	}{}
	if err := p.cli.RoundTripSoap12("http://schemas.microsoft.com/windows/2006/08/wdp/scan/ScanAvailableEvent", α, &γ); err != nil {
		return nil, err
	}
	return γ.ScanAvailableEvent, nil
}

// ScannerElementsChangeEvent was auto-generated from WSDL.
func (p *scannerServiceType) ScannerElementsChangeEvent() (*ScannerElementsChangeEvent, error) {
	α := struct {
	}{}

	γ := struct {
		OperationScannerElementsChangeEventMsg `xml:"ScannerElementsChangeEventResponse"`
	}{}
	if err := p.cli.RoundTripSoap12("http://schemas.microsoft.com/windows/2006/08/wdp/scan/ScannerElementsChangeEvent", α, &γ); err != nil {
		return nil, err
	}
	return γ.ScannerElementsChangeEvent, nil
}

// ScannerStatusConditionClearedEvent was auto-generated from WSDL.
func (p *scannerServiceType) ScannerStatusConditionClearedEvent() (*ScannerStatusConditionClearedEvent, error) {
	α := struct {
	}{}

	γ := struct {
		OperationScannerStatusConditionClearedEventMsg `xml:"ScannerStatusConditionClearedEventResponse"`
	}{}
	if err := p.cli.RoundTripSoap12("http://schemas.microsoft.com/windows/2006/08/wdp/scan/ScannerStatusConditionClearedEvent", α, &γ); err != nil {
		return nil, err
	}
	return γ.ScannerStatusConditionClearedEvent, nil
}

// ScannerStatusConditionEvent was auto-generated from WSDL.
func (p *scannerServiceType) ScannerStatusConditionEvent() (*ScannerStatusConditionEvent, error) {
	α := struct {
	}{}

	γ := struct {
		OperationScannerStatusConditionEventMsg `xml:"ScannerStatusConditionEventResponse"`
	}{}
	if err := p.cli.RoundTripSoap12("http://schemas.microsoft.com/windows/2006/08/wdp/scan/ScannerStatusConditionEvent", α, &γ); err != nil {
		return nil, err
	}
	return γ.ScannerStatusConditionEvent, nil
}

// ScannerStatusSummaryEvent was auto-generated from WSDL.
func (p *scannerServiceType) ScannerStatusSummaryEvent() (*ScannerStatusSummaryEvent, error) {
	α := struct {
	}{}

	γ := struct {
		OperationScannerStatusSummaryEventMsg `xml:"ScannerStatusSummaryEventResponse"`
	}{}
	if err := p.cli.RoundTripSoap12("http://schemas.microsoft.com/windows/2006/08/wdp/scan/ScannerStatusSummaryEvent", α, &γ); err != nil {
		return nil, err
	}
	return γ.ScannerStatusSummaryEvent, nil
}

// ValidateScanTicket was auto-generated from WSDL.
func (p *scannerServiceType) ValidateScanTicket(ValidateScanTicketRequest *ValidateScanTicketRequest) (*ValidateScanTicketResponse, error) {
	α := struct {
		OperationValidateScanTicketRequestMsg `xml:"wscn:ValidateScanTicket"`
	}{
		OperationValidateScanTicketRequestMsg{
			ValidateScanTicketRequest,
		},
	}

	γ := struct {
		OperationValidateScanTicketResponseMsg `xml:"ValidateScanTicketResponse"`
	}{}
	if err := p.cli.RoundTripSoap12("http://schemas.microsoft.com/windows/2006/08/wdp/scan/ValidateScanTicket", α, &γ); err != nil {
		return nil, err
	}
	return γ.ValidateScanTicketResponse, nil
}
