package internal

import (
	"context"
	"errors"
)

// DoNothing was auto-generated from WSDL.
func DoNothing(ctx context.Context) error {
	return errors.New("not implemented")
}

// SetNothing was auto-generated from WSDL.
func SetNothing(ctx context.Context) error {
	return errors.New("not implemented")
}

// SetTerm was auto-generated from WSDL.
func SetTerm(ctx context.Context, term string, value string) error {
	return errors.New("not implemented")
}
