package endorsementsearchsoapbinding

import (
	"github.com/fiorix/wsdl2go/soap"
)

// Namespace was auto-generated from WSDL.
var Namespace = "http://namespaces.snowboard-info.com"

// NewGetEndorsingBoarderPortType creates an initializes a GetEndorsingBoarderPortType.
func NewGetEndorsingBoarderPortType(cli *soap.Client) GetEndorsingBoarderPortType {
	return &getEndorsingBoarderPortType{cli}
}

// GetEndorsingBoarderPortType was auto-generated from WSDL
// and defines interface for the remote service. Useful for testing.
type GetEndorsingBoarderPortType interface {
	// GetEndorsingBoarder was auto-generated from WSDL.
	GetEndorsingBoarder(body *GetEndorsingBoarder) (*GetEndorsingBoarderResponse, error)
}

// GetEndorsingBoarder was auto-generated from WSDL.
type GetEndorsingBoarder struct {
	Manufacturer *string `xml:"manufacturer,omitempty" json:"manufacturer,omitempty" yaml:"manufacturer,omitempty"`
	Model        *string `xml:"model,omitempty" json:"model,omitempty" yaml:"model,omitempty"`
}

// GetEndorsingBoarderFault was auto-generated from WSDL.
type GetEndorsingBoarderFault struct {
	ErrorMessage *string `xml:"errorMessage,omitempty" json:"errorMessage,omitempty" yaml:"errorMessage,omitempty"`
}

// GetEndorsingBoarderResponse was auto-generated from WSDL.
type GetEndorsingBoarderResponse struct {
	EndorsingBoarder *string `xml:"endorsingBoarder,omitempty" json:"endorsingBoarder,omitempty" yaml:"endorsingBoarder,omitempty"`
}

// Operation wrapper for GetEndorsingBoarder.
// OperationGetEndorsingBoarderRequest was auto-generated from
// WSDL.
type OperationGetEndorsingBoarderRequest struct {
	Body *GetEndorsingBoarder `xml:"body,omitempty" json:"body,omitempty" yaml:"body,omitempty"`
}

// Operation wrapper for GetEndorsingBoarder.
// OperationGetEndorsingBoarderResponse was auto-generated from
// WSDL.
type OperationGetEndorsingBoarderResponse struct {
	Body *GetEndorsingBoarderResponse `xml:"body,omitempty" json:"body,omitempty" yaml:"body,omitempty"`
}

// getEndorsingBoarderPortType implements the GetEndorsingBoarderPortType interface.
type getEndorsingBoarderPortType struct {
	cli *soap.Client
}

// GetEndorsingBoarder was auto-generated from WSDL.
func (p *getEndorsingBoarderPortType) GetEndorsingBoarder(body *GetEndorsingBoarder) (*GetEndorsingBoarderResponse, error) {
	α := struct {
		OperationGetEndorsingBoarderRequest `xml:"-"`
	}{
		OperationGetEndorsingBoarderRequest{
			body,
		},
	}

	γ := struct {
		OperationGetEndorsingBoarderResponse `xml:"-"`
	}{}
	if err := p.cli.RoundTripWithAction("http://www.snowboard-info.com/EndorsementSearch", α, &γ); err != nil {
		return nil, err
	}
	return γ.Body, nil
}
