package stockquotesoapbinding

import (
	"encoding/xml"

	"github.com/fiorix/wsdl2go/soap"
)

// Namespace was auto-generated from WSDL.
var Namespace = "http://example.com/stockquote.wsdl"

// NewStockQuotePortType creates an initializes a StockQuotePortType.
func NewStockQuotePortType(cli *soap.Client) StockQuotePortType {
	return &stockQuotePortType{cli}
}

// StockQuotePortType was auto-generated from WSDL
// and defines interface for the remote service. Useful for testing.
type StockQuotePortType interface {
	// GetLastTradePrice was auto-generated from WSDL.
	GetLastTradePrice(α *TradePriceRequest) (β *TradePrice, err error)
}

// TradePrice was auto-generated from WSDL.
type TradePrice struct {
	Price *float64 `xml:"price,omitempty" json:"price,omitempty" yaml:"price,omitempty"`
}

// TradePriceRequest was auto-generated from WSDL.
type TradePriceRequest struct {
	XMLName      xml.Name `xml:"http://example.com/stockquote.wsdl TradePriceRequest" json:"-" yaml:"-"`
	TickerSymbol *string  `xml:"tickerSymbol,omitempty" json:"tickerSymbol,omitempty" yaml:"tickerSymbol,omitempty"`
}

// stockQuotePortType implements the StockQuotePortType interface.
type stockQuotePortType struct {
	cli *soap.Client
}

// GetLastTradePrice was auto-generated from WSDL.
func (p *stockQuotePortType) GetLastTradePrice(α *TradePriceRequest) (β *TradePrice, err error) {
	γ := struct {
		XMLName xml.Name `xml:"Envelope"`
		Body    struct {
			M TradePrice `xml:"TradePrice"`
		}
	}{}
	if err = p.cli.RoundTripWithAction("GetLastTradePrice", α, &γ); err != nil {
		return nil, err
	}
	return &γ.Body.M, nil
}
